ÔÅ│ Pas├│ 1: Iniciando EwelinkManager...
[EwelinkManager] Cargando cache de dispositivos...
(node:34424) [DEP0040] DeprecationWarning: The `punycode` module is deprecated. Please use a userland alternative instead.
(Use `node --trace-deprecation ...` to show where the warning was created)
[EwelinkManager] Cache cargado: 9 equipos.
[EwelinkManager] Cargando tabla ARP...
[EwelinkManager] Tabla ARP cargada.
[EwelinkManager] Conexi├│n local inicializada.
Ô£à eWelink Manager reresultado: true
ÔÅ│ Pas├│ 2: Iniciando TasmotaManager...
TasmotaManager: Conectando a mqtt://knil.local:1883...
Ô£à Tasmota Manager reresultado: true
Creando instancia de Telegraf...
Verificando token con getMe()...
Ô£à Token v├ílido. Bot: @PipeChelaBot (ID: 165600542)
TasmotaManager: Conectado y escuchando mensajes para auto-descubrimiento...
Tasmota detectado din├ímicamente: catarata
Tasmota detectado din├ímicamente: escala_abajo
Tasmota detectado din├ímicamente: contenedor
Tasmota detectado din├ímicamente: andres_pieza
Tasmota detectado din├ímicamente: comedero
Tasmota detectado din├ímicamente: terraza_techo
Tasmota detectado din├ímicamente: quincho
Tasmota detectado din├ímicamente: oficina
ÔØî Error al iniciar el bot: TelegramError: 409: Conflict: terminated by other getUpdates request; make sure that only one bot instance is running
    at Telegram.callApi (C:\codigo\node\ewelink-knil\node_modules\telegraf\lib\core\network\client.js:315:19)
    at process.processTicksAndRejections (node:internal/process/task_queues:105:5)
    at async [Symbol.asyncIterator] (C:\codigo\node\ewelink-knil\node_modules\telegraf\lib\core\network\polling.js:30:33)
    at async Polling.loop (C:\codigo\node\ewelink-knil\node_modules\telegraf\lib\core\network\polling.js:73:30)
    at async Telegraf.launch (C:\codigo\node\ewelink-knil\node_modules\telegraf\lib\telegraf.js:194:13) {
  response: {
    ok: false,
    error_code: 409,
    description: 'Conflict: terminated by other getUpdates request; make sure that only one bot instance is running'
  },
  on: {
    method: 'getUpdates',
    payload: { timeout: 50, offset: 0, allowed_updates: [] }
  }
}
Tasmota [oficina] Estado actualizado: ON
Tasmota [oficina] Estado actualizado: OFF
Tasmota [catarata] Estado actualizado: ON
Tasmota [catarata] Estado actualizado: OFF
